// Jest Snapshot v1, https://goo.gl/fbAQLP

exports[`matches snapshot 1`] = `
<DocumentFragment>
  <div
    class="TodoList"
  >
    <form>
      <label
        for="name"
      >
        Todo:
      </label>
      <input
        id="name"
        name="name"
        value=""
      />
      <button>
        Add todo
      </button>
    </form>
    <ul />
  </div>
</DocumentFragment>
`;
